Traceback (most recent call last):
  File "C:\Users\Douglas55364336\AgroMind\venv\Lib\site-packages\environ\environ.py", line 388, in get_value
    value = self.ENVIRON[var_name]
            ~~~~~~~~~~~~^^^^^^^^^^
  File "<frozen os>", line 678, in __getitem__
KeyError: 'DJANGO_SECRET_KEY'

The above exception was the direct cause of the following exception:

Traceback (most recent call last):
  File "C:\Users\Douglas55364336\AgroMind\backend\manage.py", line 24, in <module>
    main()
  File "C:\Users\Douglas55364336\AgroMind\backend\manage.py", line 20, in main
    execute_from_command_line(sys.argv)
  File "C:\Users\Douglas55364336\AgroMind\venv\Lib\site-packages\django\core\management\__init__.py", line 442, in execute_from_command_line
    utility.execute()
  File "C:\Users\Douglas55364336\AgroMind\venv\Lib\site-packages\django\core\management\__init__.py", line 436, in execute
    self.fetch_command(subcommand).run_from_argv(self.argv)
  File "C:\Users\Douglas55364336\AgroMind\venv\Lib\site-packages\django\core\management\commands\test.py", line 24, in run_from_argv
    super().run_from_argv(argv)
  File "C:\Users\Douglas55364336\AgroMind\venv\Lib\site-packages\django\core\management\base.py", line 405, in run_from_argv
    parser = self.create_parser(argv[0], argv[1])
             ^^^^^^^^^^^^^^^^^^^^^^^^^^^^^^^^^^^^
  File "C:\Users\Douglas55364336\AgroMind\venv\Lib\site-packages\django\core\management\base.py", line 368, in create_parser
    self.add_arguments(parser)
  File "C:\Users\Douglas55364336\AgroMind\venv\Lib\site-packages\django\core\management\commands\test.py", line 49, in add_arguments
    test_runner_class = get_runner(settings, self.test_runner)
                        ^^^^^^^^^^^^^^^^^^^^^^^^^^^^^^^^^^^^^^
  File "C:\Users\Douglas55364336\AgroMind\venv\Lib\site-packages\django\test\utils.py", line 373, in get_runner
    test_runner_class = test_runner_class or settings.TEST_RUNNER
                                             ^^^^^^^^^^^^^^^^^^^^
  File "C:\Users\Douglas55364336\AgroMind\venv\Lib\site-packages\django\conf\__init__.py", line 81, in __getattr__
    self._setup(name)
  File "C:\Users\Douglas55364336\AgroMind\venv\Lib\site-packages\django\conf\__init__.py", line 68, in _setup
    self._wrapped = Settings(settings_module)
                    ^^^^^^^^^^^^^^^^^^^^^^^^^
  File "C:\Users\Douglas55364336\AgroMind\venv\Lib\site-packages\django\conf\__init__.py", line 166, in __init__
    mod = importlib.import_module(self.SETTINGS_MODULE)
          ^^^^^^^^^^^^^^^^^^^^^^^^^^^^^^^^^^^^^^^^^^^^^
  File "C:\Program Files\Python311\Lib\importlib\__init__.py", line 126, in import_module
    return _bootstrap._gcd_import(name[level:], package, level)
           ^^^^^^^^^^^^^^^^^^^^^^^^^^^^^^^^^^^^^^^^^^^^^^^^^^^^
  File "<frozen importlib._bootstrap>", line 1206, in _gcd_import
  File "<frozen importlib._bootstrap>", line 1178, in _find_and_load
  File "<frozen importlib._bootstrap>", line 1149, in _find_and_load_unlocked
  File "<frozen importlib._bootstrap>", line 690, in _load_unlocked
  File "<frozen importlib._bootstrap_external>", line 940, in exec_module
  File "<frozen importlib._bootstrap>", line 241, in _call_with_frames_removed
  File "C:\Users\Douglas55364336\AgroMind\backend\config\settings\development.py", line 2, in <module>
    from .base import *  # noqa: F401, F403
    ^^^^^^^^^^^^^^^^^^^
  File "C:\Users\Douglas55364336\AgroMind\backend\config\settings\base.py", line 25, in <module>
    SECRET_KEY    = env("DJANGO_SECRET_KEY")
                    ^^^^^^^^^^^^^^^^^^^^^^^^
  File "C:\Users\Douglas55364336\AgroMind\venv\Lib\site-packages\environ\environ.py", line 199, in __call__
    return self.get_value(
           ^^^^^^^^^^^^^^^
  File "C:\Users\Douglas55364336\AgroMind\venv\Lib\site-packages\environ\environ.py", line 392, in get_value
    raise ImproperlyConfigured(error_msg) from exc
django.core.exceptions.ImproperlyConfigured: Set the DJANGO_SECRET_KEY environment variable
